[debug] [2026-07-05T18:26:19.753Z] ----------------------------------------------------------------------
[debug] [2026-07-05T18:26:19.757Z] Command:       /Users/erickvzh/.nvm/versions/node/v22.22.2/bin/node /Users/erickvzh/.nvm/versions/node/v22.22.2/bin/firebase init hosting
[debug] [2026-07-05T18:26:19.757Z] CLI Version:   15.18.0
[debug] [2026-07-05T18:26:19.757Z] Platform:      darwin
[debug] [2026-07-05T18:26:19.757Z] Node Version:  v22.22.2
[debug] [2026-07-05T18:26:19.757Z] Time:          Sun Jul 05 2026 13:26:19 GMT-0500 (Ecuador Time)
[debug] [2026-07-05T18:26:19.757Z] ----------------------------------------------------------------------
[debug] 
[info] 
     ######## #### ########  ######## ########     ###     ######  ########
     ##        ##  ##     ## ##       ##     ##  ##   ##  ##       ##
     ######    ##  ########  ######   ########  #########  ######  ######
     ##        ##  ##    ##  ##       ##     ## ##     ##       ## ##
     ##       #### ##     ## ######## ########  ##     ##  ######  ########

You're about to initialize a Firebase project in this directory:

  /Users/erickvzh/qos-network-dashboard

[info] 
=== Project Setup
[info] 
[info] First, let's associate this project directory with a Firebase project.
[info] You can create multiple project aliases by running firebase use --add, 
[info] 
[debug] [2026-07-05T18:26:44.809Z] > command requires scopes: ["email","openid","https://www.googleapis.com/auth/cloudplatformprojects.readonly","https://www.googleapis.com/auth/firebase","https://www.googleapis.com/auth/cloud-platform"]
[debug] [2026-07-05T18:26:44.810Z] > authorizing via signed-in user (alexpaucar.887@gmail.com)
[debug] [2026-07-05T18:26:44.812Z] Checked if tokens are valid: false, expires at: 1779899830396
[debug] [2026-07-05T18:26:44.812Z] Checked if tokens are valid: false, expires at: 1779899830396
[debug] [2026-07-05T18:26:44.812Z] > refreshing access token with scopes: []
[debug] [2026-07-05T18:26:44.814Z] >>> [apiv2][query] POST https://www.googleapis.com/oauth2/v3/token [none]
[debug] [2026-07-05T18:26:44.814Z] >>> [apiv2][body] POST https://www.googleapis.com/oauth2/v3/token [omitted]
[debug] [2026-07-05T18:26:45.110Z] <<< [apiv2][status] POST https://www.googleapis.com/oauth2/v3/token 400
[debug] [2026-07-05T18:26:45.110Z] <<< [apiv2][body] POST https://www.googleapis.com/oauth2/v3/token [omitted]
[debug] [2026-07-05T18:26:45.111Z] >>> [apiv2][query] GET https://firebase.googleapis.com/v1beta1/projects pageSize=100
[debug] [2026-07-05T18:26:45.519Z] <<< [apiv2][status] GET https://firebase.googleapis.com/v1beta1/projects 401
[debug] [2026-07-05T18:26:45.520Z] <<< [apiv2][body] GET https://firebase.googleapis.com/v1beta1/projects [omitted]
[debug] [2026-07-05T18:26:45.520Z] Got a 401 Unauthenticated error for a call that required authentication. Refreshing tokens.
[debug] [2026-07-05T18:26:45.520Z] Checked if tokens are valid: false, expires at: 1779899830396
[debug] [2026-07-05T18:26:45.520Z] Checked if tokens are valid: false, expires at: 1779899830396
[debug] [2026-07-05T18:26:45.520Z] > refreshing access token with scopes: []
[debug] [2026-07-05T18:26:45.520Z] >>> [apiv2][query] POST https://www.googleapis.com/oauth2/v3/token [none]
[debug] [2026-07-05T18:26:45.520Z] >>> [apiv2][body] POST https://www.googleapis.com/oauth2/v3/token [omitted]
[debug] [2026-07-05T18:26:45.615Z] <<< [apiv2][status] POST https://www.googleapis.com/oauth2/v3/token 400
[debug] [2026-07-05T18:26:45.615Z] <<< [apiv2][body] POST https://www.googleapis.com/oauth2/v3/token [omitted]
[debug] [2026-07-05T18:26:45.616Z] Request to https://firebase.googleapis.com/v1beta1/projects?pageSize=100 had HTTP Error: 401, Request had invalid authentication credentials. Expected OAuth 2 access token, login cookie or other valid authentication credential. See https://developers.google.com/identity/sign-in/web/devconsole-project.
[debug] [2026-07-05T18:26:45.854Z] FirebaseError: Request to https://firebase.googleapis.com/v1beta1/projects?pageSize=100 had HTTP Error: 401, Request had invalid authentication credentials. Expected OAuth 2 access token, login cookie or other valid authentication credential. See https://developers.google.com/identity/sign-in/web/devconsole-project.
    at responseToError (/Users/erickvzh/.nvm/versions/node/v22.22.2/lib/node_modules/firebase-tools/lib/responseToError.js:53:12)
    at RetryOperation._fn (/Users/erickvzh/.nvm/versions/node/v22.22.2/lib/node_modules/firebase-tools/lib/apiv2.js:333:77)
    at process.processTicksAndRejections (node:internal/process/task_queues:103:5)
[error] 
[error] Error: Failed to list Firebase projects. See firebase-debug.log for more info.
